
Allocating common symbols
Common symbol       size              file

cmd_size            0x4               Menu_Command.o
cmd                 0x80              Menu_Command.o

Discarded input sections

 .text          0x00000000        0x0 Hw_StartUp.o
 .data          0x00000000        0x0 Hw_StartUp.o
 .bss           0x00000000        0x0 Hw_StartUp.o
 .data.ADCPrescTable
                0x00000000        0x4 Hw_StartUp.o
 .data.APBAHBPrescTable
                0x00000000       0x10 Hw_StartUp.o
 .text          0x00000000        0x0 Hw.o
 .data          0x00000000        0x0 Hw.o
 .bss           0x00000000        0x0 Hw.o
 .data.ADCPrescTable
                0x00000000        0x4 Hw.o
 .data.APBAHBPrescTable
                0x00000000       0x10 Hw.o
 .text          0x00000000        0x0 Hw_Rcc.o
 .data          0x00000000        0x0 Hw_Rcc.o
 .bss           0x00000000        0x0 Hw_Rcc.o
 .text.HSI_Init
                0x00000000       0x94 Hw_Rcc.o
 .text.APB1Enable
                0x00000000       0x18 Hw_Rcc.o
 .text.APBEnable
                0x00000000       0x18 Hw_Rcc.o
 .text          0x00000000        0x0 Hw_Flash.o
 .data          0x00000000        0x0 Hw_Flash.o
 .bss           0x00000000        0x0 Hw_Flash.o
 .data.ADCPrescTable
                0x00000000        0x4 Hw_Flash.o
 .data.APBAHBPrescTable
                0x00000000       0x10 Hw_Flash.o
 .debug_info    0x00000000       0xcd Hw_Flash.o
 .debug_abbrev  0x00000000       0x5b Hw_Flash.o
 .debug_aranges
                0x00000000       0x18 Hw_Flash.o
 .debug_line    0x00000000      0x101 Hw_Flash.o
 .debug_str     0x00000000      0x1d1 Hw_Flash.o
 .comment       0x00000000       0x71 Hw_Flash.o
 .ARM.attributes
                0x00000000       0x33 Hw_Flash.o
 .text          0x00000000        0x0 Hw_Gpio.o
 .data          0x00000000        0x0 Hw_Gpio.o
 .bss           0x00000000        0x0 Hw_Gpio.o
 .text.GPIO_ReadInputDataBit
                0x00000000        0xc Hw_Gpio.o
 .data.ADCPrescTable
                0x00000000        0x4 Hw_Gpio.o
 .data.APBAHBPrescTable
                0x00000000       0x10 Hw_Gpio.o
 .text          0x00000000        0x0 Hw_Usart.o
 .data          0x00000000        0x0 Hw_Usart.o
 .bss           0x00000000        0x0 Hw_Usart.o
 .text.USART_SendData
                0x00000000        0x8 Hw_Usart.o
 .text.USART_ReceiveData
                0x00000000        0x8 Hw_Usart.o
 .text.USART_GetFlagStatus
                0x00000000        0xc Hw_Usart.o
 .data.ADCPrescTable
                0x00000000        0x4 Hw_Usart.o
 .data.APBAHBPrescTable
                0x00000000       0x10 Hw_Usart.o
 .text          0x00000000        0x0 Hw_NVIC.o
 .data          0x00000000        0x0 Hw_NVIC.o
 .bss           0x00000000        0x0 Hw_NVIC.o
 .text.NVIC_SetVectorTable
                0x00000000       0x14 Hw_NVIC.o
 .text.NVIC_SetPriority
                0x00000000       0x2c Hw_NVIC.o
 .text.NVIC_PriorityGroupConfig
                0x00000000       0x14 Hw_NVIC.o
 .text.NVIC_Init
                0x00000000       0x2c Hw_NVIC.o
 .data.ADCPrescTable
                0x00000000        0x4 Hw_NVIC.o
 .data.APBAHBPrescTable
                0x00000000       0x10 Hw_NVIC.o
 .text          0x00000000        0x0 Hw_EXTI.o
 .data          0x00000000        0x0 Hw_EXTI.o
 .bss           0x00000000        0x0 Hw_EXTI.o
 .text.EXTI_GetITStatus
                0x00000000       0x1c Hw_EXTI.o
 .text.EXTI_ClearITPendingBit
                0x00000000        0xc Hw_EXTI.o
 .text.GPIO_EXTILineConfig
                0x00000000       0x30 Hw_EXTI.o
 .text.EXTI_Init
                0x00000000       0x28 Hw_EXTI.o
 .data.ADCPrescTable
                0x00000000        0x4 Hw_EXTI.o
 .data.APBAHBPrescTable
                0x00000000       0x10 Hw_EXTI.o
 .text          0x00000000        0x0 Hw_SysTick.o
 .data          0x00000000        0x0 Hw_SysTick.o
 .bss           0x00000000        0x0 Hw_SysTick.o
 .text.SysTick_Config
                0x00000000       0x30 Hw_SysTick.o
 .data.ADCPrescTable
                0x00000000        0x4 Hw_SysTick.o
 .data.APBAHBPrescTable
                0x00000000       0x10 Hw_SysTick.o
 .text          0x00000000        0x0 Hw_TIM.o
 .data          0x00000000        0x0 Hw_TIM.o
 .bss           0x00000000        0x0 Hw_TIM.o
 .data.ADCPrescTable
                0x00000000        0x4 Hw_TIM.o
 .data.APBAHBPrescTable
                0x00000000       0x10 Hw_TIM.o
 .debug_info    0x00000000       0xcd Hw_TIM.o
 .debug_abbrev  0x00000000       0x5b Hw_TIM.o
 .debug_aranges
                0x00000000       0x18 Hw_TIM.o
 .debug_line    0x00000000      0x101 Hw_TIM.o
 .debug_str     0x00000000      0x1cf Hw_TIM.o
 .comment       0x00000000       0x71 Hw_TIM.o
 .ARM.attributes
                0x00000000       0x33 Hw_TIM.o
 .text          0x00000000        0x0 Hw_DMA.o
 .data          0x00000000        0x0 Hw_DMA.o
 .bss           0x00000000        0x0 Hw_DMA.o
 .data.ADCPrescTable
                0x00000000        0x4 Hw_DMA.o
 .data.APBAHBPrescTable
                0x00000000       0x10 Hw_DMA.o
 .debug_info    0x00000000       0xcd Hw_DMA.o
 .debug_abbrev  0x00000000       0x5b Hw_DMA.o
 .debug_aranges
                0x00000000       0x18 Hw_DMA.o
 .debug_line    0x00000000      0x101 Hw_DMA.o
 .debug_str     0x00000000      0x1cf Hw_DMA.o
 .comment       0x00000000       0x71 Hw_DMA.o
 .ARM.attributes
                0x00000000       0x33 Hw_DMA.o
 .text          0x00000000        0x0 Hw_ADC.o
 .data          0x00000000        0x0 Hw_ADC.o
 .bss           0x00000000        0x0 Hw_ADC.o
 .data.ADCPrescTable
                0x00000000        0x4 Hw_ADC.o
 .data.APBAHBPrescTable
                0x00000000       0x10 Hw_ADC.o
 .debug_info    0x00000000       0xcd Hw_ADC.o
 .debug_abbrev  0x00000000       0x5b Hw_ADC.o
 .debug_aranges
                0x00000000       0x18 Hw_ADC.o
 .debug_line    0x00000000      0x101 Hw_ADC.o
 .debug_str     0x00000000      0x1cf Hw_ADC.o
 .comment       0x00000000       0x71 Hw_ADC.o
 .ARM.attributes
                0x00000000       0x33 Hw_ADC.o
 .text          0x00000000        0x0 Hw_Led.o
 .data          0x00000000        0x0 Hw_Led.o
 .bss           0x00000000        0x0 Hw_Led.o
 .data.ADCPrescTable
                0x00000000        0x4 Hw_Led.o
 .data.APBAHBPrescTable
                0x00000000       0x10 Hw_Led.o
 .text          0x00000000        0x0 Hw_Key.o
 .data          0x00000000        0x0 Hw_Key.o
 .bss           0x00000000        0x0 Hw_Key.o
 .text.KEY_TEST
                0x00000000       0x9c Hw_Key.o
 .data.ADCPrescTable
                0x00000000        0x4 Hw_Key.o
 .data.APBAHBPrescTable
                0x00000000       0x10 Hw_Key.o
 .debug_info    0x00000000      0x234 Hw_Key.o
 .debug_abbrev  0x00000000       0xf7 Hw_Key.o
 .debug_loc     0x00000000       0x4a Hw_Key.o
 .debug_aranges
                0x00000000       0x20 Hw_Key.o
 .debug_ranges  0x00000000       0x10 Hw_Key.o
 .debug_line    0x00000000      0x14e Hw_Key.o
 .debug_str     0x00000000      0x228 Hw_Key.o
 .comment       0x00000000       0x71 Hw_Key.o
 .debug_frame   0x00000000       0x44 Hw_Key.o
 .ARM.attributes
                0x00000000       0x33 Hw_Key.o
 .text          0x00000000        0x0 Hw_Seg.o
 .data          0x00000000        0x0 Hw_Seg.o
 .bss           0x00000000        0x0 Hw_Seg.o
 .text.POWER_SEG_Off
                0x00000000       0x10 Hw_Seg.o
 .text.SEG_OnePin_On
                0x00000000       0x10 Hw_Seg.o
 .text.SEG_OnePin_Off
                0x00000000       0x10 Hw_Seg.o
 .text.SEG_AllPin_On
                0x00000000       0x10 Hw_Seg.o
 .text.SEG_Number_On
                0x00000000       0x98 Hw_Seg.o
 .text.SEG_TEST
                0x00000000       0x74 Hw_Seg.o
 .data.ADCPrescTable
                0x00000000        0x4 Hw_Seg.o
 .data.APBAHBPrescTable
                0x00000000       0x10 Hw_Seg.o
 .text          0x00000000        0x0 Ld_printf.o
 .data          0x00000000        0x0 Ld_printf.o
 .bss           0x00000000        0x0 Ld_printf.o
 .text.SerialOutputString
                0x00000000       0x30 Ld_printf.o
 .text.StrNCmp  0x00000000       0x40 Ld_printf.o
 .text          0x00000000        0x0 Util.o
 .data          0x00000000        0x0 Util.o
 .bss           0x00000000        0x0 Util.o
 .text.Hw_second
                0x00000000       0x18 Util.o
 .data.ADCPrescTable
                0x00000000        0x4 Util.o
 .data.APBAHBPrescTable
                0x00000000       0x10 Util.o
 .text          0x00000000        0x0 Menu_Command.o
 .data          0x00000000        0x0 Menu_Command.o
 .bss           0x00000000        0x0 Menu_Command.o
 .text.get_args
                0x00000000       0x18 Menu_Command.o
 .data.ADCPrescTable
                0x00000000        0x4 Menu_Command.o
 .data.APBAHBPrescTable
                0x00000000       0x10 Menu_Command.o
 .text          0x00000000        0x0 Led_Command.o
 .data          0x00000000        0x0 Led_Command.o
 .bss           0x00000000        0x0 Led_Command.o
 .data.ADCPrescTable
                0x00000000        0x4 Led_Command.o
 .data.APBAHBPrescTable
                0x00000000       0x10 Led_Command.o
 .text          0x00000000        0x0 main.o
 .data          0x00000000        0x0 main.o
 .bss           0x00000000        0x0 main.o
 .data.ADCPrescTable
                0x00000000        0x4 main.o
 .data.APBAHBPrescTable
                0x00000000       0x10 main.o
 .text          0x00000000        0x0 Get_SysClock.o
 .data          0x00000000        0x0 Get_SysClock.o
 .bss           0x00000000        0x0 Get_SysClock.o
 .data.ADCPrescTable
                0x00000000        0x4 Get_SysClock.o
 .data.APBAHBPrescTable
                0x00000000       0x10 Get_SysClock.o

Memory Configuration

Name             Origin             Length             Attributes
RAM              0x20000000         0x00005000         xrw
EXTSRAM          0x68000000         0x00000000         xrw
FLASH            0x08000000         0x0001f800         xr
EEMUL            0x0801f800         0x00000800         xrw
*default*        0x00000000         0xffffffff

Linker script and memory map

LOAD Hw_StartUp.o
LOAD Hw.o
LOAD Hw_Rcc.o
LOAD Hw_Flash.o
LOAD Hw_Gpio.o
LOAD Hw_Usart.o
LOAD Hw_NVIC.o
LOAD Hw_EXTI.o
LOAD Hw_SysTick.o
LOAD Hw_TIM.o
LOAD Hw_DMA.o
LOAD Hw_ADC.o
LOAD Hw_Led.o
LOAD Hw_Key.o
LOAD Hw_Seg.o
LOAD Ld_printf.o
LOAD Util.o
LOAD Menu_Command.o
LOAD Led_Command.o
LOAD main.o
LOAD Get_SysClock.o
LOAD c:/program files (x86)/gnu tools arm embedded/4.9 2015q1/bin/../lib/gcc/arm-none-eabi/4.9.3/../../../../arm-none-eabi/lib/armv7-m\libc.a
LOAD c:/program files (x86)/gnu tools arm embedded/4.9 2015q1/bin/../lib/gcc/arm-none-eabi/4.9.3/../../../../arm-none-eabi/lib/armv7-m\libm.a
LOAD c:/program files (x86)/gnu tools arm embedded/4.9 2015q1/bin/../lib/gcc/arm-none-eabi/4.9.3/../../../../arm-none-eabi/lib/armv7-m\libc.a
LOAD c:/program files (x86)/gnu tools arm embedded/4.9 2015q1/bin/../lib/gcc/arm-none-eabi/4.9.3/armv7-m\libgcc.a
                0x20005000                _estack = (ORIGIN (RAM) + 0x5000)
                0x0801f800                _seemul = ORIGIN (EEMUL)
                0x00000100                _Minimum_Stack_Size = 0x100
                0x00000001                ASSERT ((ORIGIN (FLASH) == ALIGN (ORIGIN (FLASH), 0x80)), Start of memory region flash not aligned for startup vector table)

.text           0x08000000     0x1ad0
                0x08000000                . = ALIGN (0x80)
                0x00000000                _isr_vectorsflash_offs = (. - 0x8000000)
 *(.isr_vectorsflash)
 .isr_vectorsflash
                0x08000000      0x108 Hw_StartUp.o
                0x08000000                g_pfnVectors
                0x08000108                . = ALIGN (0x4)
 *(.text)
 *(.text.*)
 .text.Default_Handler
                0x08000108        0x4 Hw_StartUp.o
                0x08000108                DebugMon_Handler
                0x08000108                TIM1_CC_IRQHandler
                0x08000108                PVD_IRQHandler
                0x08000108                PendSV_Handler
                0x08000108                I2C2_EV_IRQHandler
                0x08000108                UsageFault_Handler
                0x08000108                ADC1_2_IRQHandler
                0x08000108                SPI1_IRQHandler
                0x08000108                TAMPER_IRQHandler
                0x08000108                DMA1_Channel4_IRQHandler
                0x08000108                USART3_IRQHandler
                0x08000108                RTC_IRQHandler
                0x08000108                DMA1_Channel7_IRQHandler
                0x08000108                CAN1_RX1_IRQHandler
                0x08000108                TIM4_IRQHandler
                0x08000108                I2C1_EV_IRQHandler
                0x08000108                DMA1_Channel6_IRQHandler
                0x08000108                TIM3_IRQHandler
                0x08000108                RCC_IRQHandler
                0x08000108                TIM1_TRG_COM_IRQHandler
                0x08000108                DMA1_Channel1_IRQHandler
                0x08000108                Default_Handler
                0x08000108                EXTI15_10_IRQHandler
                0x08000108                EXTI9_5_IRQHandler
                0x08000108                SPI2_IRQHandler
                0x08000108                MemManage_Handler
                0x08000108                SVC_Handler
                0x08000108                DMA1_Channel5_IRQHandler
                0x08000108                USB_LP_CAN1_RX0_IRQHandler
                0x08000108                USB_HP_CAN1_TX_IRQHandler
                0x08000108                DMA1_Channel3_IRQHandler
                0x08000108                TIM1_UP_IRQHandler
                0x08000108                WWDG_IRQHandler
                0x08000108                TIM2_IRQHandler
                0x08000108                TIM1_BRK_IRQHandler
                0x08000108                RTCAlarm_IRQHandler
                0x08000108                USART2_IRQHandler
                0x08000108                I2C2_ER_IRQHandler
                0x08000108                DMA1_Channel2_IRQHandler
                0x08000108                CAN1_SCE_IRQHandler
                0x08000108                FLASH_IRQHandler
                0x08000108                BusFault_Handler
                0x08000108                USART1_IRQHandler
                0x08000108                SPI3_IRQHandler
                0x08000108                I2C1_ER_IRQHandler
                0x08000108                MMI_Handler
                0x08000108                USBWakeUp_IRQHandler
 .text.Reset_Handler
                0x0800010c       0x64 Hw_StartUp.o
                0x0800010c                Reset_Handler
 .text.Hw_Init  0x08000170       0x44 Hw.o
                0x08000170                Hw_Init
 .text.HSE_Init
                0x080001b4       0x94 Hw_Rcc.o
                0x080001b4                HSE_Init
 .text.APB2Enable
                0x08000248       0x18 Hw_Rcc.o
                0x08000248                APB2Enable
 .text.RCC_GetClocksFreq
                0x08000260       0xac Hw_Rcc.o
                0x08000260                RCC_GetClocksFreq
 .text.GPIO_Init
                0x0800030c       0xc0 Hw_Gpio.o
                0x0800030c                GPIO_Init
 .text.GPIO_Configuratioin
                0x080003cc       0xc0 Hw_Gpio.o
                0x080003cc                GPIO_Configuratioin
 .text.USART_Init
                0x0800048c       0xc0 Hw_Usart.o
                0x0800048c                USART_Init
 .text.USART1_Init
                0x0800054c       0x44 Hw_Usart.o
                0x0800054c                USART1_Init
 .text.NVIC_Init.part.0
                0x08000590       0x4c Hw_NVIC.o
 .text.NVIC_Configuration
                0x080005dc       0x54 Hw_NVIC.o
                0x080005dc                NVIC_Configuration
 .text.EXTI_Init.part.0
                0x08000630       0x64 Hw_EXTI.o
 .text.EXTI0_IRQHandler
                0x08000694       0x28 Hw_EXTI.o
                0x08000694                EXTI0_IRQHandler
 .text.EXTI1_IRQHandler
                0x080006bc       0x28 Hw_EXTI.o
                0x080006bc                EXTI1_IRQHandler
 .text.EXTI2_IRQHandler
                0x080006e4        0x4 Hw_EXTI.o
                0x080006e4                EXTI2_IRQHandler
 .text.EXTI3_IRQHandler
                0x080006e8        0x4 Hw_EXTI.o
                0x080006e8                EXTI3_IRQHandler
 .text.EXTI4_IRQHandler
                0x080006ec        0x4 Hw_EXTI.o
                0x080006ec                EXTI4_IRQHandler
 .text.EXTI_Configuration
                0x080006f0       0x60 Hw_EXTI.o
                0x080006f0                EXTI_Configuration
 .text.SysTick_Handler
                0x08000750        0x4 Hw_SysTick.o
                0x08000750                SysTick_Handler
 .text.LED_RED_On
                0x08000754       0x10 Hw_Led.o
                0x08000754                LED_RED_On
 .text.LED_RED_Off
                0x08000764       0x10 Hw_Led.o
                0x08000764                LED_RED_Off
 .text.LED_YELLOW_On
                0x08000774       0x10 Hw_Led.o
                0x08000774                LED_YELLOW_On
 .text.LED_YELLOW_Off
                0x08000784       0x10 Hw_Led.o
                0x08000784                LED_YELLOW_Off
 .text.LED_BLUE_On
                0x08000794       0x10 Hw_Led.o
                0x08000794                LED_BLUE_On
 .text.LED_BLUE_Off
                0x080007a4       0x10 Hw_Led.o
                0x080007a4                LED_BLUE_Off
 .text.LED_ALL_On
                0x080007b4       0x20 Hw_Led.o
                0x080007b4                LED_ALL_On
 .text.LED_ALL_Off
                0x080007d4       0x20 Hw_Led.o
                0x080007d4                LED_ALL_Off
 .text.LED_MULT_OnOff
                0x080007f4       0x68 Hw_Led.o
                0x080007f4                LED_MULT_OnOff
 .text.LED_TEST
                0x0800085c       0x10 Hw_Led.o
                0x0800085c                LED_TEST
 .text.POWER_SEG_On
                0x0800086c       0x10 Hw_Seg.o
                0x0800086c                POWER_SEG_On
 .text.SEG_AllPin_Off
                0x0800087c       0x10 Hw_Seg.o
                0x0800087c                SEG_AllPin_Off
 .text.print_byte
                0x0800088c       0x28 Ld_printf.o
                0x0800088c                print_byte
 .text.get_byte
                0x080008b4       0x18 Ld_printf.o
                0x080008b4                get_byte
 .text.StrCmp   0x080008cc       0x44 Ld_printf.o
                0x080008cc                StrCmp
 .text.DecToLong
                0x08000910       0x4c Ld_printf.o
                0x08000910                DecToLong
 .text.printf   0x0800095c      0x458 Ld_printf.o
                0x0800095c                printf
 .text.Hw_1_second
                0x08000db4        0xc Util.o
                0x08000db4                Hw_1_second
 .text.do_test  0x08000dc0       0x14 Menu_Command.o
                0x08000dc0                do_test
 .text.do_led   0x08000dd4       0x24 Menu_Command.o
                0x08000dd4                do_led
 .text.get_args.part.0
                0x08000df8       0x50 Menu_Command.o
 .text.display_prompt
                0x08000e48       0x24 Menu_Command.o
                0x08000e48                display_prompt
 .text.get_command
                0x08000e6c       0x94 Menu_Command.o
                0x08000e6c                get_command
 .text.do_print_help
                0x08000f00       0x50 Menu_Command.o
                0x08000f00                do_print_help
 .text.command_main
                0x08000f50       0xcc Menu_Command.o
                0x08000f50                command_main
 .text.command_led_main_menu
                0x0800101c       0xa0 Led_Command.o
                0x0800101c                command_led_main_menu
 .text.command_led_main
                0x080010bc      0x36c Led_Command.o
                0x080010bc                command_led_main
 .text.startup.main
                0x08001428       0x3c main.o
                0x08001428                main
 .text.System_Information
                0x08001464       0x5c Get_SysClock.o
                0x08001464                System_Information
 *(.stub .gnu.linkonce.t.*)
 *(.rodata .rodata.* .gnu.linkonce.r.*)
 .rodata.str1.4
                0x080014c0       0x37 Hw_EXTI.o
                                 0x38 (size before relaxing)
 *fill*         0x080014f7        0x1 
 .rodata.str1.4
                0x080014f8       0xd1 Menu_Command.o
                                 0xdc (size before relaxing)
 *fill*         0x080015c9        0x3 
 .rodata.str1.4
                0x080015cc      0x466 Led_Command.o
                                0x46c (size before relaxing)
 *fill*         0x08001a32        0x2 
 .rodata.str1.4
                0x08001a34        0xa main.o
                                  0xc (size before relaxing)
 *fill*         0x08001a3e        0x2 
 .rodata.str1.4
                0x08001a40       0x90 Get_SysClock.o
 *(.glue_7 .glue_7t)
 .glue_7        0x00000000        0x0 linker stubs
 .glue_7t       0x00000000        0x0 linker stubs
                0x08001ad0                . = ALIGN (0x4)
                0x08001ad0                _etext = .
                0x08001ad0                _sidata = _etext

.vfp11_veneer   0x08001ad0        0x0
 .vfp11_veneer  0x00000000        0x0 linker stubs

.v4_bx          0x08001ad0        0x0
 .v4_bx         0x00000000        0x0 linker stubs

.iplt           0x08001ad0        0x0
 .iplt          0x00000000        0x0 Hw_StartUp.o

.rel.dyn        0x08001ad0        0x0
 .rel.iplt      0x00000000        0x0 Hw_StartUp.o

.ARM.extab
 *(.ARM.extab* .gnu.linkonce.armextab.*)

.ARM            0x08001ad0        0x0
                0x08001ad0                __exidx_start = .
 *(.ARM.exidx*)
                0x08001ad0                __exidx_end = .
                0x08001ad0                _etext = .
                0x08001ad0                _sidata = _etext

.data           0x20000000       0x50 load address 0x08001ad0
                0x20000000                . = .
                0x20000000                . = ALIGN (0x4)
                0x20000000                _sdata = .
                0x20000000                . = ALIGN (0x80)
                0x00000000                _isr_vectorsram_offs = (. - 0x20000000)
 *(.isr_vectorsram)
                0x20000000                . = ALIGN (0x4)
 *(.ramfunc*)
                0x20000000                . = ALIGN (0x4)
 *(.data .data.* .gnu.linkonce.d.*)
 .data.ADCPrescTable
                0x20000000        0x4 Hw_Rcc.o
 .data.APBAHBPrescTable
                0x20000004       0x10 Hw_Rcc.o
 .data.cmd_tbl  0x20000014       0x3c Menu_Command.o
                0x20000014                cmd_tbl
                0x20000050                . = ALIGN (0x4)
                0x20000050                _edata = .

.igot.plt       0x20000050        0x0 load address 0x08001b20
 .igot.plt      0x00000000        0x0 Hw_StartUp.o

.bss            0x20000050       0x88 load address 0x08001b20
                0x20000050                . = ALIGN (0x4)
                0x20000050                _sbss = .
 *(.bss .bss.*)
 .bss.StartUpCounter
                0x20000050        0x4 Hw_Rcc.o
                0x20000050                StartUpCounter
 *(COMMON)
 COMMON         0x20000054       0x84 Menu_Command.o
                0x20000054                cmd_size
                0x20000058                cmd
                0x200000d8                . = ALIGN (0x4)
                0x200000d8                _ebss = .
                0x200000d8                PROVIDE (end, _ebss)
                0x200000d8                PROVIDE (_end, _ebss)

._usrstack      0x200000d8      0x100 load address 0x08001ba8
                0x200000d8                . = ALIGN (0x4)
                0x200000d8                _susrstack = .
                0x200001d8                . = (. + _Minimum_Stack_Size)
 *fill*         0x200000d8      0x100 
                0x200001d8                . = ALIGN (0x4)
                0x200001d8                _eusrstack = .
                0x00000400                __Stack_Size = 0x400
                0x00000400                PROVIDE (_Stack_Size, __Stack_Size)
                0x20004c00                __Stack_Init = (_estack - __Stack_Size)
                0x20004c00                PROVIDE (_Stack_Init, __Stack_Init)
OUTPUT(main.elf elf32-littlearm)

.debug_info     0x00000000     0x4291
 .debug_info    0x00000000      0x19d Hw_StartUp.o
 .debug_info    0x0000019d      0x1a3 Hw.o
 .debug_info    0x00000340      0x421 Hw_Rcc.o
 .debug_info    0x00000761      0x419 Hw_Gpio.o
 .debug_info    0x00000b7a      0x459 Hw_Usart.o
 .debug_info    0x00000fd3      0x7b9 Hw_NVIC.o
 .debug_info    0x0000178c      0x64c Hw_EXTI.o
 .debug_info    0x00001dd8      0x2b8 Hw_SysTick.o
 .debug_info    0x00002090      0x38d Hw_Led.o
 .debug_info    0x0000241d      0x532 Hw_Seg.o
 .debug_info    0x0000294f      0x6f7 Ld_printf.o
 .debug_info    0x00003046      0x148 Util.o
 .debug_info    0x0000318e      0x6e7 Menu_Command.o
 .debug_info    0x00003875      0x6bf Led_Command.o
 .debug_info    0x00003f34      0x149 main.o
 .debug_info    0x0000407d      0x214 Get_SysClock.o

.debug_abbrev   0x00000000     0x1619
 .debug_abbrev  0x00000000       0xf1 Hw_StartUp.o
 .debug_abbrev  0x000000f1       0xb4 Hw.o
 .debug_abbrev  0x000001a5      0x135 Hw_Rcc.o
 .debug_abbrev  0x000002da      0x140 Hw_Gpio.o
 .debug_abbrev  0x0000041a      0x152 Hw_Usart.o
 .debug_abbrev  0x0000056c      0x21b Hw_NVIC.o
 .debug_abbrev  0x00000787      0x227 Hw_EXTI.o
 .debug_abbrev  0x000009ae      0x107 Hw_SysTick.o
 .debug_abbrev  0x00000ab5      0x131 Hw_Led.o
 .debug_abbrev  0x00000be6      0x19d Hw_Seg.o
 .debug_abbrev  0x00000d83      0x275 Ld_printf.o
 .debug_abbrev  0x00000ff8       0xcc Util.o
 .debug_abbrev  0x000010c4      0x28e Menu_Command.o
 .debug_abbrev  0x00001352      0x13b Led_Command.o
 .debug_abbrev  0x0000148d       0xb3 main.o
 .debug_abbrev  0x00001540       0xd9 Get_SysClock.o

.debug_loc      0x00000000     0x2e18
 .debug_loc     0x00000000       0x57 Hw_StartUp.o
 .debug_loc     0x00000057       0x20 Hw.o
 .debug_loc     0x00000077      0x308 Hw_Rcc.o
 .debug_loc     0x0000037f      0x314 Hw_Gpio.o
 .debug_loc     0x00000693      0x390 Hw_Usart.o
 .debug_loc     0x00000a23      0x2a2 Hw_NVIC.o
 .debug_loc     0x00000cc5      0x430 Hw_EXTI.o
 .debug_loc     0x000010f5       0x77 Hw_SysTick.o
 .debug_loc     0x0000116c       0x76 Hw_Led.o
 .debug_loc     0x000011e2      0x154 Hw_Seg.o
 .debug_loc     0x00001336     0x1263 Ld_printf.o
 .debug_loc     0x00002599       0x2c Util.o
 .debug_loc     0x000025c5      0x60d Menu_Command.o
 .debug_loc     0x00002bd2      0x1ee Led_Command.o
 .debug_loc     0x00002dc0       0x20 main.o
 .debug_loc     0x00002de0       0x38 Get_SysClock.o

.debug_aranges  0x00000000      0x3d8
 .debug_aranges
                0x00000000       0x28 Hw_StartUp.o
 .debug_aranges
                0x00000028       0x20 Hw.o
 .debug_aranges
                0x00000048       0x48 Hw_Rcc.o
 .debug_aranges
                0x00000090       0x30 Hw_Gpio.o
 .debug_aranges
                0x000000c0       0x40 Hw_Usart.o
 .debug_aranges
                0x00000100       0x48 Hw_NVIC.o
 .debug_aranges
                0x00000148       0x70 Hw_EXTI.o
 .debug_aranges
                0x000001b8       0x28 Hw_SysTick.o
 .debug_aranges
                0x000001e0       0x68 Hw_Led.o
 .debug_aranges
                0x00000248       0x58 Hw_Seg.o
 .debug_aranges
                0x000002a0       0x50 Ld_printf.o
 .debug_aranges
                0x000002f0       0x28 Util.o
 .debug_aranges
                0x00000318       0x58 Menu_Command.o
 .debug_aranges
                0x00000370       0x28 Led_Command.o
 .debug_aranges
                0x00000398       0x20 main.o
 .debug_aranges
                0x000003b8       0x20 Get_SysClock.o

.debug_ranges   0x00000000      0x570
 .debug_ranges  0x00000000       0x18 Hw_StartUp.o
 .debug_ranges  0x00000018       0x10 Hw.o
 .debug_ranges  0x00000028       0x38 Hw_Rcc.o
 .debug_ranges  0x00000060       0x20 Hw_Gpio.o
 .debug_ranges  0x00000080       0x30 Hw_Usart.o
 .debug_ranges  0x000000b0       0xa0 Hw_NVIC.o
 .debug_ranges  0x00000150       0xe0 Hw_EXTI.o
 .debug_ranges  0x00000230       0x18 Hw_SysTick.o
 .debug_ranges  0x00000248       0x58 Hw_Led.o
 .debug_ranges  0x000002a0       0x78 Hw_Seg.o
 .debug_ranges  0x00000318      0x138 Ld_printf.o
 .debug_ranges  0x00000450       0x18 Util.o
 .debug_ranges  0x00000468       0x98 Menu_Command.o
 .debug_ranges  0x00000500       0x50 Led_Command.o
 .debug_ranges  0x00000550       0x10 main.o
 .debug_ranges  0x00000560       0x10 Get_SysClock.o

.debug_line     0x00000000     0x1bed
 .debug_line    0x00000000      0x148 Hw_StartUp.o
 .debug_line    0x00000148      0x12a Hw.o
 .debug_line    0x00000272      0x225 Hw_Rcc.o
 .debug_line    0x00000497      0x1cb Hw_Gpio.o
 .debug_line    0x00000662      0x1c6 Hw_Usart.o
 .debug_line    0x00000828      0x1ac Hw_NVIC.o
 .debug_line    0x000009d4      0x24c Hw_EXTI.o
 .debug_line    0x00000c20      0x143 Hw_SysTick.o
 .debug_line    0x00000d63      0x1f2 Hw_Led.o
 .debug_line    0x00000f55      0x220 Hw_Seg.o
 .debug_line    0x00001175      0x293 Ld_printf.o
 .debug_line    0x00001408      0x13a Util.o
 .debug_line    0x00001542      0x24b Menu_Command.o
 .debug_line    0x0000178d      0x1ef Led_Command.o
 .debug_line    0x0000197c      0x127 main.o
 .debug_line    0x00001aa3      0x14a Get_SysClock.o

.debug_str      0x00000000     0x11f1
 .debug_str     0x00000000      0x1f7 Hw_StartUp.o
                                0x233 (size before relaxing)
 .debug_str     0x000001f7       0x39 Hw.o
                                0x1f6 (size before relaxing)
 .debug_str     0x00000230      0x1b0 Hw_Rcc.o
                                0x392 (size before relaxing)
 .debug_str     0x000003e0      0x1ea Hw_Gpio.o
                                0x3bb (size before relaxing)
 .debug_str     0x000005ca      0x1bc Hw_Usart.o
                                0x418 (size before relaxing)
 .debug_str     0x00000786      0x469 Hw_NVIC.o
                                0x690 (size before relaxing)
 .debug_str     0x00000bef      0x221 Hw_EXTI.o
                                0x421 (size before relaxing)
 .debug_str     0x00000e10       0x64 Hw_SysTick.o
                                0x4b7 (size before relaxing)
 .debug_str     0x00000e74       0x9c Hw_Led.o
                                0x28f (size before relaxing)
 .debug_str     0x00000f10       0x8d Hw_Seg.o
                                0x280 (size before relaxing)
 .debug_str     0x00000f9d       0xe7 Ld_printf.o
                                0x206 (size before relaxing)
 .debug_str     0x00001084       0x29 Util.o
                                0x1dd (size before relaxing)
 .debug_str     0x000010ad       0xc5 Menu_Command.o
                                0x29b (size before relaxing)
 .debug_str     0x00001172       0x44 Led_Command.o
                                0x21f (size before relaxing)
 .debug_str     0x000011b6        0xf main.o
                                0x1e8 (size before relaxing)
 .debug_str     0x000011c5       0x2c Get_SysClock.o
                                0x279 (size before relaxing)

.comment        0x00000000       0x70
 .comment       0x00000000       0x70 Hw_StartUp.o
                                 0x71 (size before relaxing)
 .comment       0x00000000       0x71 Hw.o
 .comment       0x00000000       0x71 Hw_Rcc.o
 .comment       0x00000000       0x71 Hw_Gpio.o
 .comment       0x00000000       0x71 Hw_Usart.o
 .comment       0x00000000       0x71 Hw_NVIC.o
 .comment       0x00000000       0x71 Hw_EXTI.o
 .comment       0x00000000       0x71 Hw_SysTick.o
 .comment       0x00000000       0x71 Hw_Led.o
 .comment       0x00000000       0x71 Hw_Seg.o
 .comment       0x00000000       0x71 Ld_printf.o
 .comment       0x00000000       0x71 Util.o
 .comment       0x00000000       0x71 Menu_Command.o
 .comment       0x00000000       0x71 Led_Command.o
 .comment       0x00000000       0x71 main.o
 .comment       0x00000000       0x71 Get_SysClock.o

.ARM.attributes
                0x00000000       0x33
 .ARM.attributes
                0x00000000       0x33 Hw_StartUp.o
 .ARM.attributes
                0x00000033       0x33 Hw.o
 .ARM.attributes
                0x00000066       0x33 Hw_Rcc.o
 .ARM.attributes
                0x00000099       0x33 Hw_Gpio.o
 .ARM.attributes
                0x000000cc       0x33 Hw_Usart.o
 .ARM.attributes
                0x000000ff       0x33 Hw_NVIC.o
 .ARM.attributes
                0x00000132       0x33 Hw_EXTI.o
 .ARM.attributes
                0x00000165       0x33 Hw_SysTick.o
 .ARM.attributes
                0x00000198       0x33 Hw_Led.o
 .ARM.attributes
                0x000001cb       0x33 Hw_Seg.o
 .ARM.attributes
                0x000001fe       0x33 Ld_printf.o
 .ARM.attributes
                0x00000231       0x33 Util.o
 .ARM.attributes
                0x00000264       0x33 Menu_Command.o
 .ARM.attributes
                0x00000297       0x33 Led_Command.o
 .ARM.attributes
                0x000002ca       0x33 main.o
 .ARM.attributes
                0x000002fd       0x33 Get_SysClock.o

.debug_frame    0x00000000      0x918
 .debug_frame   0x00000000       0x44 Hw_StartUp.o
 .debug_frame   0x00000044       0x2c Hw.o
 .debug_frame   0x00000070       0xac Hw_Rcc.o
 .debug_frame   0x0000011c       0x74 Hw_Gpio.o
 .debug_frame   0x00000190       0x94 Hw_Usart.o
 .debug_frame   0x00000224       0xa4 Hw_NVIC.o
 .debug_frame   0x000002c8      0x130 Hw_EXTI.o
 .debug_frame   0x000003f8       0x3c Hw_SysTick.o
 .debug_frame   0x00000434       0xcc Hw_Led.o
 .debug_frame   0x00000500       0xa8 Hw_Seg.o
 .debug_frame   0x000005a8      0x150 Ld_printf.o
 .debug_frame   0x000006f8       0x38 Util.o
 .debug_frame   0x00000730      0x13c Menu_Command.o
 .debug_frame   0x0000086c       0x50 Led_Command.o
 .debug_frame   0x000008bc       0x2c main.o
 .debug_frame   0x000008e8       0x30 Get_SysClock.o

Cross Reference Table

Symbol                                            File
ADC1_2_IRQHandler                                 Hw_StartUp.o
APB1Enable                                        Hw_Rcc.o
APB2Enable                                        Hw_Rcc.o
                                                  Hw.o
APBEnable                                         Hw_Rcc.o
BusFault_Handler                                  Hw_StartUp.o
CAN1_RX1_IRQHandler                               Hw_StartUp.o
CAN1_SCE_IRQHandler                               Hw_StartUp.o
DMA1_Channel1_IRQHandler                          Hw_StartUp.o
DMA1_Channel2_IRQHandler                          Hw_StartUp.o
DMA1_Channel3_IRQHandler                          Hw_StartUp.o
DMA1_Channel4_IRQHandler                          Hw_StartUp.o
DMA1_Channel5_IRQHandler                          Hw_StartUp.o
DMA1_Channel6_IRQHandler                          Hw_StartUp.o
DMA1_Channel7_IRQHandler                          Hw_StartUp.o
DebugMon_Handler                                  Hw_StartUp.o
DecToLong                                         Ld_printf.o
Default_Handler                                   Hw_StartUp.o
EXTI0_IRQHandler                                  Hw_EXTI.o
                                                  Hw_StartUp.o
EXTI15_10_IRQHandler                              Hw_StartUp.o
EXTI1_IRQHandler                                  Hw_EXTI.o
                                                  Hw_StartUp.o
EXTI2_IRQHandler                                  Hw_EXTI.o
                                                  Hw_StartUp.o
EXTI3_IRQHandler                                  Hw_EXTI.o
                                                  Hw_StartUp.o
EXTI4_IRQHandler                                  Hw_EXTI.o
                                                  Hw_StartUp.o
EXTI9_5_IRQHandler                                Hw_StartUp.o
EXTI_ClearITPendingBit                            Hw_EXTI.o
EXTI_Configuration                                Hw_EXTI.o
                                                  main.o
EXTI_GetITStatus                                  Hw_EXTI.o
EXTI_Init                                         Hw_EXTI.o
FLASH_IRQHandler                                  Hw_StartUp.o
GPIO_Configuratioin                               Hw_Gpio.o
                                                  Hw.o
GPIO_EXTILineConfig                               Hw_EXTI.o
GPIO_Init                                         Hw_Gpio.o
GPIO_ReadInputDataBit                             Hw_Gpio.o
                                                  Hw_Key.o
HSE_Init                                          Hw_Rcc.o
                                                  Hw.o
HSI_Init                                          Hw_Rcc.o
HardFault_Handler                                 Hw_StartUp.o
Hw_1_second                                       Util.o
                                                  Hw_Seg.o
                                                  Hw_Key.o
                                                  Hw_Led.o
Hw_Init                                           Hw.o
                                                  main.o
Hw_second                                         Util.o
I2C1_ER_IRQHandler                                Hw_StartUp.o
I2C1_EV_IRQHandler                                Hw_StartUp.o
I2C2_ER_IRQHandler                                Hw_StartUp.o
I2C2_EV_IRQHandler                                Hw_StartUp.o
KEY_TEST                                          Hw_Key.o
LED_ALL_Off                                       Hw_Led.o
                                                  Led_Command.o
                                                  Hw_Key.o
                                                  Hw_Gpio.o
LED_ALL_On                                        Hw_Led.o
                                                  Led_Command.o
LED_BLUE_Off                                      Hw_Led.o
                                                  Led_Command.o
                                                  Hw_Key.o
LED_BLUE_On                                       Hw_Led.o
                                                  Led_Command.o
                                                  Hw_Key.o
LED_MULT_OnOff                                    Hw_Led.o
LED_RED_Off                                       Hw_Led.o
                                                  Led_Command.o
                                                  Hw_Key.o
LED_RED_On                                        Hw_Led.o
                                                  Led_Command.o
                                                  Hw_Key.o
LED_TEST                                          Hw_Led.o
                                                  Led_Command.o
LED_YELLOW_Off                                    Hw_Led.o
                                                  Led_Command.o
                                                  Hw_Key.o
LED_YELLOW_On                                     Hw_Led.o
                                                  Led_Command.o
                                                  Hw_Key.o
MMI_Handler                                       Hw_StartUp.o
MemManage_Handler                                 Hw_StartUp.o
NMI_Handler                                       Hw_StartUp.o
NVIC_Configuration                                Hw_NVIC.o
                                                  main.o
NVIC_Init                                         Hw_NVIC.o
NVIC_PriorityGroupConfig                          Hw_NVIC.o
NVIC_SetPriority                                  Hw_NVIC.o
                                                  Hw_SysTick.o
NVIC_SetVectorTable                               Hw_NVIC.o
POWER_SEG_Off                                     Hw_Seg.o
POWER_SEG_On                                      Hw_Seg.o
                                                  Hw_Gpio.o
PVD_IRQHandler                                    Hw_StartUp.o
PendSV_Handler                                    Hw_StartUp.o
RCC_GetClocksFreq                                 Hw_Rcc.o
                                                  Get_SysClock.o
                                                  Hw_Usart.o
RCC_IRQHandler                                    Hw_StartUp.o
RTCAlarm_IRQHandler                               Hw_StartUp.o
RTC_IRQHandler                                    Hw_StartUp.o
Reset_Handler                                     Hw_StartUp.o
SEG_AllPin_Off                                    Hw_Seg.o
                                                  Hw_Gpio.o
SEG_AllPin_On                                     Hw_Seg.o
SEG_Number_On                                     Hw_Seg.o
SEG_OnePin_Off                                    Hw_Seg.o
SEG_OnePin_On                                     Hw_Seg.o
SEG_TEST                                          Hw_Seg.o
SPI1_IRQHandler                                   Hw_StartUp.o
SPI2_IRQHandler                                   Hw_StartUp.o
SPI3_IRQHandler                                   Hw_StartUp.o
SVC_Handler                                       Hw_StartUp.o
SerialOutputString                                Ld_printf.o
StartUpCounter                                    Hw_Rcc.o
                                                  Get_SysClock.o
StrCmp                                            Ld_printf.o
                                                  Led_Command.o
                                                  Menu_Command.o
StrNCmp                                           Ld_printf.o
SysTick_Config                                    Hw_SysTick.o
SysTick_Handler                                   Hw_SysTick.o
                                                  Hw_StartUp.o
System_Information                                Get_SysClock.o
                                                  main.o
                                                  Led_Command.o
TAMPER_IRQHandler                                 Hw_StartUp.o
TIM1_BRK_IRQHandler                               Hw_StartUp.o
TIM1_CC_IRQHandler                                Hw_StartUp.o
TIM1_TRG_COM_IRQHandler                           Hw_StartUp.o
TIM1_UP_IRQHandler                                Hw_StartUp.o
TIM2_IRQHandler                                   Hw_StartUp.o
TIM3_IRQHandler                                   Hw_StartUp.o
TIM4_IRQHandler                                   Hw_StartUp.o
USART1_IRQHandler                                 Hw_StartUp.o
USART1_Init                                       Hw_Usart.o
                                                  Hw.o
USART2_IRQHandler                                 Hw_StartUp.o
USART3_IRQHandler                                 Hw_StartUp.o
USART_GetFlagStatus                               Hw_Usart.o
USART_Init                                        Hw_Usart.o
USART_ReceiveData                                 Hw_Usart.o
USART_SendData                                    Hw_Usart.o
USBWakeUp_IRQHandler                              Hw_StartUp.o
USB_HP_CAN1_TX_IRQHandler                         Hw_StartUp.o
USB_LP_CAN1_RX0_IRQHandler                        Hw_StartUp.o
UsageFault_Handler                                Hw_StartUp.o
WWDG_IRQHandler                                   Hw_StartUp.o
_ebss                                             Hw_StartUp.o
_edata                                            Hw_StartUp.o
_estack                                           Hw_StartUp.o
_sbss                                             Hw_StartUp.o
_sdata                                            Hw_StartUp.o
_sidata                                           Hw_StartUp.o
cmd                                               Menu_Command.o
cmd_size                                          Menu_Command.o
cmd_tbl                                           Menu_Command.o
command_led_main                                  Led_Command.o
                                                  Menu_Command.o
command_led_main_menu                             Led_Command.o
command_main                                      Menu_Command.o
                                                  main.o
display_prompt                                    Menu_Command.o
do_led                                            Menu_Command.o
do_print_help                                     Menu_Command.o
do_test                                           Menu_Command.o
g_pfnVectors                                      Hw_StartUp.o
get_args                                          Menu_Command.o
get_byte                                          Ld_printf.o
                                                  Led_Command.o
                                                  Menu_Command.o
get_command                                       Menu_Command.o
main                                              main.o
                                                  Hw_StartUp.o
print_byte                                        Ld_printf.o
printf                                            Ld_printf.o
                                                  Get_SysClock.o
                                                  main.o
                                                  Led_Command.o
                                                  Menu_Command.o
                                                  Hw_EXTI.o
